11:42:45 **** Build of project lenet_bsp ****
make -k all 
"Running Make include in ps7_cortexa9_0/libsrc/coresightps_dcc_v1_4/src"
D:/Program/xilinx/SDK/2017.1/gnuwin/bin/make -C ps7_cortexa9_0/libsrc/coresightps_dcc_v1_4/src -s include  "SHELL=CMD" "COMPILER=arm-none-eabi-gcc" "ARCHIVER=arm-none-eabi-ar" "COMPILER_FLAGS=  -O2 -c" "EXTRA_COMPILER_FLAGS=-mcpu=cortex-a9 -mfpu=vfpv3 -mfloat-abi=hard -nostartfiles -Wall -Wextra"
"Running Make include in ps7_cortexa9_0/libsrc/cpu_cortexa9_v2_4/src"
D:/Program/xilinx/SDK/2017.1/gnuwin/bin/make -C ps7_cortexa9_0/libsrc/cpu_cortexa9_v2_4/src -s include  "SHELL=CMD" "COMPILER=arm-none-eabi-gcc" "ARCHIVER=arm-none-eabi-ar" "COMPILER_FLAGS=  -O2 -c" "EXTRA_COMPILER_FLAGS=-mcpu=cortex-a9 -mfpu=vfpv3 -mfloat-abi=hard -nostartfiles -Wall -Wextra"
"Running Make include in ps7_cortexa9_0/libsrc/ddrps_v1_0/src"
D:/Program/xilinx/SDK/2017.1/gnuwin/bin/make -C ps7_cortexa9_0/libsrc/ddrps_v1_0/src -s include  "SHELL=CMD" "COMPILER=arm-none-eabi-gcc" "ARCHIVER=arm-none-eabi-ar" "COMPILER_FLAGS=  -O2 -c" "EXTRA_COMPILER_FLAGS=-mcpu=cortex-a9 -mfpu=vfpv3 -mfloat-abi=hard -nostartfiles -Wall -Wextra"
"Running Make include in ps7_cortexa9_0/libsrc/devcfg_v3_4/src"
D:/Program/xilinx/SDK/2017.1/gnuwin/bin/make -C ps7_cortexa9_0/libsrc/devcfg_v3_4/src -s include  "SHELL=CMD" "COMPILER=arm-none-eabi-gcc" "ARCHIVER=arm-none-eabi-ar" "COMPILER_FLAGS=  -O2 -c" "EXTRA_COMPILER_FLAGS=-mcpu=cortex-a9 -mfpu=vfpv3 -mfloat-abi=hard -nostartfiles -Wall -Wextra"
"Running Make include in ps7_cortexa9_0/libsrc/dmaps_v2_3/src"
D:/Program/xilinx/SDK/2017.1/gnuwin/bin/make -C ps7_cortexa9_0/libsrc/dmaps_v2_3/src -s include  "SHELL=CMD" "COMPILER=arm-none-eabi-gcc" "ARCHIVER=arm-none-eabi-ar" "COMPILER_FLAGS=  -O2 -c" "EXTRA_COMPILER_FLAGS=-mcpu=cortex-a9 -mfpu=vfpv3 -mfloat-abi=hard -nostartfiles -Wall -Wextra"
"Running Make include in ps7_cortexa9_0/libsrc/emacps_v3_4/src"
D:/Program/xilinx/SDK/2017.1/gnuwin/bin/make -C ps7_cortexa9_0/libsrc/emacps_v3_4/src -s include  "SHELL=CMD" "COMPILER=arm-none-eabi-gcc" "ARCHIVER=arm-none-eabi-ar" "COMPILER_FLAGS=  -O2 -c" "EXTRA_COMPILER_FLAGS=-mcpu=cortex-a9 -mfpu=vfpv3 -mfloat-abi=hard -nostartfiles -Wall -Wextra"
"Running Make include in ps7_cortexa9_0/libsrc/gpiops_v3_2/src"
D:/Program/xilinx/SDK/2017.1/gnuwin/bin/make -C ps7_cortexa9_0/libsrc/gpiops_v3_2/src -s include  "SHELL=CMD" "COMPILER=arm-none-eabi-gcc" "ARCHIVER=arm-none-eabi-ar" "COMPILER_FLAGS=  -O2 -c" "EXTRA_COMPILER_FLAGS=-mcpu=cortex-a9 -mfpu=vfpv3 -mfloat-abi=hard -nostartfiles -Wall -Wextra"
"Running Make include in ps7_cortexa9_0/libsrc/qspips_v3_3/src"
D:/Program/xilinx/SDK/2017.1/gnuwin/bin/make -C ps7_cortexa9_0/libsrc/qspips_v3_3/src -s include  "SHELL=CMD" "COMPILER=arm-none-eabi-gcc" "ARCHIVER=arm-none-eabi-ar" "COMPILER_FLAGS=  -O2 -c" "EXTRA_COMPILER_FLAGS=-mcpu=cortex-a9 -mfpu=vfpv3 -mfloat-abi=hard -nostartfiles -Wall -Wextra"
"Running Make include in ps7_cortexa9_0/libsrc/scugic_v3_6/src"
D:/Program/xilinx/SDK/2017.1/gnuwin/bin/make -C ps7_cortexa9_0/libsrc/scugic_v3_6/src -s include  "SHELL=CMD" "COMPILER=arm-none-eabi-gcc" "ARCHIVER=arm-none-eabi-ar" "COMPILER_FLAGS=  -O2 -c" "EXTRA_COMPILER_FLAGS=-mcpu=cortex-a9 -mfpu=vfpv3 -mfloat-abi=hard -nostartfiles -Wall -Wextra"
"Running Make include in ps7_cortexa9_0/libsrc/scutimer_v2_1/src"
D:/Program/xilinx/SDK/2017.1/gnuwin/bin/make -C ps7_cortexa9_0/libsrc/scutimer_v2_1/src -s include  "SHELL=CMD" "COMPILER=arm-none-eabi-gcc" "ARCHIVER=arm-none-eabi-ar" "COMPILER_FLAGS=  -O2 -c" "EXTRA_COMPILER_FLAGS=-mcpu=cortex-a9 -mfpu=vfpv3 -mfloat-abi=hard -nostartfiles -Wall -Wextra"
"Running Make include in ps7_cortexa9_0/libsrc/scuwdt_v2_1/src"
D:/Program/xilinx/SDK/2017.1/gnuwin/bin/make -C ps7_cortexa9_0/libsrc/scuwdt_v2_1/src -s include  "SHELL=CMD" "COMPILER=arm-none-eabi-gcc" "ARCHIVER=arm-none-eabi-ar" "COMPILER_FLAGS=  -O2 -c" "EXTRA_COMPILER_FLAGS=-mcpu=cortex-a9 -mfpu=vfpv3 -mfloat-abi=hard -nostartfiles -Wall -Wextra"
"Running Make include in ps7_cortexa9_0/libsrc/sdps_v3_2/src"
D:/Program/xilinx/SDK/2017.1/gnuwin/bin/make -C ps7_cortexa9_0/libsrc/sdps_v3_2/src -s include  "SHELL=CMD" "COMPILER=arm-none-eabi-gcc" "ARCHIVER=arm-none-eabi-ar" "COMPILER_FLAGS=  -O2 -c" "EXTRA_COMPILER_FLAGS=-mcpu=cortex-a9 -mfpu=vfpv3 -mfloat-abi=hard -nostartfiles -Wall -Wextra"
"Running Make include in ps7_cortexa9_0/libsrc/standalone_v6_2/src"
D:/Program/xilinx/SDK/2017.1/gnuwin/bin/make -C ps7_cortexa9_0/libsrc/standalone_v6_2/src -s include  "SHELL=CMD" "COMPILER=arm-none-eabi-gcc" "ARCHIVER=arm-none-eabi-ar" "COMPILER_FLAGS=  -O2 -c" "EXTRA_COMPILER_FLAGS=-mcpu=cortex-a9 -mfpu=vfpv3 -mfloat-abi=hard -nostartfiles -Wall -Wextra"
"Running Make include in ps7_cortexa9_0/libsrc/ttcps_v3_3/src"
D:/Program/xilinx/SDK/2017.1/gnuwin/bin/make -C ps7_cortexa9_0/libsrc/ttcps_v3_3/src -s include  "SHELL=CMD" "COMPILER=arm-none-eabi-gcc" "ARCHIVER=arm-none-eabi-ar" "COMPILER_FLAGS=  -O2 -c" "EXTRA_COMPILER_FLAGS=-mcpu=cortex-a9 -mfpu=vfpv3 -mfloat-abi=hard -nostartfiles -Wall -Wextra"
"Running Make include in ps7_cortexa9_0/libsrc/uartps_v3_4/src"
D:/Program/xilinx/SDK/2017.1/gnuwin/bin/make -C ps7_cortexa9_0/libsrc/uartps_v3_4/src -s include  "SHELL=CMD" "COMPILER=arm-none-eabi-gcc" "ARCHIVER=arm-none-eabi-ar" "COMPILER_FLAGS=  -O2 -c" "EXTRA_COMPILER_FLAGS=-mcpu=cortex-a9 -mfpu=vfpv3 -mfloat-abi=hard -nostartfiles -Wall -Wextra"
"Running Make include in ps7_cortexa9_0/libsrc/usbps_v2_4/src"
D:/Program/xilinx/SDK/2017.1/gnuwin/bin/make -C ps7_cortexa9_0/libsrc/usbps_v2_4/src -s include  "SHELL=CMD" "COMPILER=arm-none-eabi-gcc" "ARCHIVER=arm-none-eabi-ar" "COMPILER_FLAGS=  -O2 -c" "EXTRA_COMPILER_FLAGS=-mcpu=cortex-a9 -mfpu=vfpv3 -mfloat-abi=hard -nostartfiles -Wall -Wextra"
"Running Make include in ps7_cortexa9_0/libsrc/xadcps_v2_2/src"
D:/Program/xilinx/SDK/2017.1/gnuwin/bin/make -C ps7_cortexa9_0/libsrc/xadcps_v2_2/src -s include  "SHELL=CMD" "COMPILER=arm-none-eabi-gcc" "ARCHIVER=arm-none-eabi-ar" "COMPILER_FLAGS=  -O2 -c" "EXTRA_COMPILER_FLAGS=-mcpu=cortex-a9 -mfpu=vfpv3 -mfloat-abi=hard -nostartfiles -Wall -Wextra"
"Running Make libs in ps7_cortexa9_0/libsrc/coresightps_dcc_v1_4/src"
D:/Program/xilinx/SDK/2017.1/gnuwin/bin/make -C ps7_cortexa9_0/libsrc/coresightps_dcc_v1_4/src -s libs  "SHELL=CMD" "COMPILER=arm-none-eabi-gcc" "ARCHIVER=arm-none-eabi-ar" "COMPILER_FLAGS=  -O2 -c" "EXTRA_COMPILER_FLAGS=-mcpu=cortex-a9 -mfpu=vfpv3 -mfloat-abi=hard -nostartfiles -Wall -Wextra"
"Compiling coresightps_dcc"
arm-none-eabi-ar: creating ../../../lib/libxil.a
"Running Make libs in ps7_cortexa9_0/libsrc/cpu_cortexa9_v2_4/src"
D:/Program/xilinx/SDK/2017.1/gnuwin/bin/make -C ps7_cortexa9_0/libsrc/cpu_cortexa9_v2_4/src -s libs  "SHELL=CMD" "COMPILER=arm-none-eabi-gcc" "ARCHIVER=arm-none-eabi-ar" "COMPILER_FLAGS=  -O2 -c" "EXTRA_COMPILER_FLAGS=-mcpu=cortex-a9 -mfpu=vfpv3 -mfloat-abi=hard -nostartfiles -Wall -Wextra"
"Compiling cpu_cortexa9"
"Running Make libs in ps7_cortexa9_0/libsrc/ddrps_v1_0/src"
D:/Program/xilinx/SDK/2017.1/gnuwin/bin/make -C ps7_cortexa9_0/libsrc/ddrps_v1_0/src -s libs  "SHELL=CMD" "COMPILER=arm-none-eabi-gcc" "ARCHIVER=arm-none-eabi-ar" "COMPILER_FLAGS=  -O2 -c" "EXTRA_COMPILER_FLAGS=-mcpu=cortex-a9 -mfpu=vfpv3 -mfloat-abi=hard -nostartfiles -Wall -Wextra"
"Compiling ddrps"
"Running Make libs in ps7_cortexa9_0/libsrc/devcfg_v3_4/src"
D:/Program/xilinx/SDK/2017.1/gnuwin/bin/make -C ps7_cortexa9_0/libsrc/devcfg_v3_4/src -s libs  "SHELL=CMD" "COMPILER=arm-none-eabi-gcc" "ARCHIVER=arm-none-eabi-ar" "COMPILER_FLAGS=  -O2 -c" "EXTRA_COMPILER_FLAGS=-mcpu=cortex-a9 -mfpu=vfpv3 -mfloat-abi=hard -nostartfiles -Wall -Wextra"
"Compiling devcfg"
"Running Make libs in ps7_cortexa9_0/libsrc/dmaps_v2_3/src"
D:/Program/xilinx/SDK/2017.1/gnuwin/bin/make -C ps7_cortexa9_0/libsrc/dmaps_v2_3/src -s libs  "SHELL=CMD" "COMPILER=arm-none-eabi-gcc" "ARCHIVER=arm-none-eabi-ar" "COMPILER_FLAGS=  -O2 -c" "EXTRA_COMPILER_FLAGS=-mcpu=cortex-a9 -mfpu=vfpv3 -mfloat-abi=hard -nostartfiles -Wall -Wextra"
"Compiling dmaps"
"Running Make libs in ps7_cortexa9_0/libsrc/emacps_v3_4/src"
D:/Program/xilinx/SDK/2017.1/gnuwin/bin/make -C ps7_cortexa9_0/libsrc/emacps_v3_4/src -s libs  "SHELL=CMD" "COMPILER=arm-none-eabi-gcc" "ARCHIVER=arm-none-eabi-ar" "COMPILER_FLAGS=  -O2 -c" "EXTRA_COMPILER_FLAGS=-mcpu=cortex-a9 -mfpu=vfpv3 -mfloat-abi=hard -nostartfiles -Wall -Wextra"
"Compiling emacps"
"Running Make libs in ps7_cortexa9_0/libsrc/gpiops_v3_2/src"
D:/Program/xilinx/SDK/2017.1/gnuwin/bin/make -C ps7_cortexa9_0/libsrc/gpiops_v3_2/src -s libs  "SHELL=CMD" "COMPILER=arm-none-eabi-gcc" "ARCHIVER=arm-none-eabi-ar" "COMPILER_FLAGS=  -O2 -c" "EXTRA_COMPILER_FLAGS=-mcpu=cortex-a9 -mfpu=vfpv3 -mfloat-abi=hard -nostartfiles -Wall -Wextra"
"Compiling gpiops"
"Running Make libs in ps7_cortexa9_0/libsrc/qspips_v3_3/src"
D:/Program/xilinx/SDK/2017.1/gnuwin/bin/make -C ps7_cortexa9_0/libsrc/qspips_v3_3/src -s libs  "SHELL=CMD" "COMPILER=arm-none-eabi-gcc" "ARCHIVER=arm-none-eabi-ar" "COMPILER_FLAGS=  -O2 -c" "EXTRA_COMPILER_FLAGS=-mcpu=cortex-a9 -mfpu=vfpv3 -mfloat-abi=hard -nostartfiles -Wall -Wextra"
"Compiling qspips"
"Running Make libs in ps7_cortexa9_0/libsrc/scugic_v3_6/src"
D:/Program/xilinx/SDK/2017.1/gnuwin/bin/make -C ps7_cortexa9_0/libsrc/scugic_v3_6/src -s libs  "SHELL=CMD" "COMPILER=arm-none-eabi-gcc" "ARCHIVER=arm-none-eabi-ar" "COMPILER_FLAGS=  -O2 -c" "EXTRA_COMPILER_FLAGS=-mcpu=cortex-a9 -mfpu=vfpv3 -mfloat-abi=hard -nostartfiles -Wall -Wextra"
"Compiling scugic"
xscugic_g.c:53:2: warning: missing initializer for field 'HandlerTable' of 'XScuGic_Config {aka struct <anonymous>}' [-Wmissing-field-initializers]
  }
  ^
In file included from xscugic_g.c:41:0:
xscugic.h:217:27: note: 'HandlerTable' declared here
  XScuGic_VectorTableEntry HandlerTable[XSCUGIC_MAX_NUM_INTR_INPUTS];/**<
                           ^~~~~~~~~~~~
"Running Make libs in ps7_cortexa9_0/libsrc/scutimer_v2_1/src"
D:/Program/xilinx/SDK/2017.1/gnuwin/bin/make -C ps7_cortexa9_0/libsrc/scutimer_v2_1/src -s libs  "SHELL=CMD" "COMPILER=arm-none-eabi-gcc" "ARCHIVER=arm-none-eabi-ar" "COMPILER_FLAGS=  -O2 -c" "EXTRA_COMPILER_FLAGS=-mcpu=cortex-a9 -mfpu=vfpv3 -mfloat-abi=hard -nostartfiles -Wall -Wextra"
"Compiling scutimer"
"Running Make libs in ps7_cortexa9_0/libsrc/scuwdt_v2_1/src"
D:/Program/xilinx/SDK/2017.1/gnuwin/bin/make -C ps7_cortexa9_0/libsrc/scuwdt_v2_1/src -s libs  "SHELL=CMD" "COMPILER=arm-none-eabi-gcc" "ARCHIVER=arm-none-eabi-ar" "COMPILER_FLAGS=  -O2 -c" "EXTRA_COMPILER_FLAGS=-mcpu=cortex-a9 -mfpu=vfpv3 -mfloat-abi=hard -nostartfiles -Wall -Wextra"
"Compiling scuwdt"
"Running Make libs in ps7_cortexa9_0/libsrc/sdps_v3_2/src"
D:/Program/xilinx/SDK/2017.1/gnuwin/bin/make -C ps7_cortexa9_0/libsrc/sdps_v3_2/src -s libs  "SHELL=CMD" "COMPILER=arm-none-eabi-gcc" "ARCHIVER=arm-none-eabi-ar" "COMPILER_FLAGS=  -O2 -c" "EXTRA_COMPILER_FLAGS=-mcpu=cortex-a9 -mfpu=vfpv3 -mfloat-abi=hard -nostartfiles -Wall -Wextra"
"Compiling sdps"
"Running Make libs in ps7_cortexa9_0/libsrc/standalone_v6_2/src"
D:/Program/xilinx/SDK/2017.1/gnuwin/bin/make -C ps7_cortexa9_0/libsrc/standalone_v6_2/src -s libs  "SHELL=CMD" "COMPILER=arm-none-eabi-gcc" "ARCHIVER=arm-none-eabi-ar" "COMPILER_FLAGS=  -O2 -c" "EXTRA_COMPILER_FLAGS=-mcpu=cortex-a9 -mfpu=vfpv3 -mfloat-abi=hard -nostartfiles -Wall -Wextra"
"Compiling standalone"
"Running Make libs in ps7_cortexa9_0/libsrc/ttcps_v3_3/src"
D:/Program/xilinx/SDK/2017.1/gnuwin/bin/make -C ps7_cortexa9_0/libsrc/ttcps_v3_3/src -s libs  "SHELL=CMD" "COMPILER=arm-none-eabi-gcc" "ARCHIVER=arm-none-eabi-ar" "COMPILER_FLAGS=  -O2 -c" "EXTRA_COMPILER_FLAGS=-mcpu=cortex-a9 -mfpu=vfpv3 -mfloat-abi=hard -nostartfiles -Wall -Wextra"
"Compiling ttcps"
"Running Make libs in ps7_cortexa9_0/libsrc/uartps_v3_4/src"
D:/Program/xilinx/SDK/2017.1/gnuwin/bin/make -C ps7_cortexa9_0/libsrc/uartps_v3_4/src -s libs  "SHELL=CMD" "COMPILER=arm-none-eabi-gcc" "ARCHIVER=arm-none-eabi-ar" "COMPILER_FLAGS=  -O2 -c" "EXTRA_COMPILER_FLAGS=-mcpu=cortex-a9 -mfpu=vfpv3 -mfloat-abi=hard -nostartfiles -Wall -Wextra"
"Compiling uartps"
"Running Make libs in ps7_cortexa9_0/libsrc/usbps_v2_4/src"
D:/Program/xilinx/SDK/2017.1/gnuwin/bin/make -C ps7_cortexa9_0/libsrc/usbps_v2_4/src -s libs  "SHELL=CMD" "COMPILER=arm-none-eabi-gcc" "ARCHIVER=arm-none-eabi-ar" "COMPILER_FLAGS=  -O2 -c" "EXTRA_COMPILER_FLAGS=-mcpu=cortex-a9 -mfpu=vfpv3 -mfloat-abi=hard -nostartfiles -Wall -Wextra"
"Compiling usbps"
"Running Make libs in ps7_cortexa9_0/libsrc/xadcps_v2_2/src"
D:/Program/xilinx/SDK/2017.1/gnuwin/bin/make -C ps7_cortexa9_0/libsrc/xadcps_v2_2/src -s libs  "SHELL=CMD" "COMPILER=arm-none-eabi-gcc" "ARCHIVER=arm-none-eabi-ar" "COMPILER_FLAGS=  -O2 -c" "EXTRA_COMPILER_FLAGS=-mcpu=cortex-a9 -mfpu=vfpv3 -mfloat-abi=hard -nostartfiles -Wall -Wextra"
"Compiling xadcps"
'Finished building libraries'

**** Build of configuration Debug for project lenet ****

Nothing to build for project lenet
11:43:16 **** Auto Build of configuration Debug for project lenet ****
make pre-build main-build 
a9-linaro-pre-build-step
 
Building file: ../src/fonctions_ES.c
Invoking: ARM v7 gcc compiler
arm-none-eabi-gcc -Wall -O0 -g3 -c -fmessage-length=0 -MT"src/fonctions_ES.o" -mcpu=cortex-a9 -mfpu=vfpv3 -mfloat-abi=hard -I../../lenet_bsp/ps7_cortexa9_0/include -MMD -MP -MF"src/fonctions_ES.d" -MT"src/fonctions_ES.o" -o "src/fonctions_ES.o" "../src/fonctions_ES.c"
Finished building: ../src/fonctions_ES.c
 
Building file: ../src/main.c
Invoking: ARM v7 gcc compiler
arm-none-eabi-gcc -Wall -O0 -g3 -c -fmessage-length=0 -MT"src/main.o" -mcpu=cortex-a9 -mfpu=vfpv3 -mfloat-abi=hard -I../../lenet_bsp/ps7_cortexa9_0/include -MMD -MP -MF"src/main.d" -MT"src/main.o" -o "src/main.o" "../src/main.c"
Finished building: ../src/main.c
 
Building target: lenet.elf
Invoking: ARM v7 gcc linker
arm-none-eabi-gcc -mcpu=cortex-a9 -mfpu=vfpv3 -mfloat-abi=hard -Wl,-build-id=none -specs=Xilinx.spec -Wl,-T -Wl,../src/lscript.ld -L../../lenet_bsp/ps7_cortexa9_0/lib -o "lenet.elf"  ./src/fonctions_ES.o ./src/main.o   -Wl,--start-group,-lxil,-lgcc,-lc,--end-group
./src/main.o: In function `calculateLayer2':
C:\Users\Kzel\Desktop\lenet\lenet.sdk\lenet\Debug/../src/main.c:202: undefined reference to `tanh'
./src/main.o: In function `calculateLayer3':
C:\Users\Kzel\Desktop\lenet\lenet.sdk\lenet\Debug/../src/main.c:224: undefined reference to `tanh'
./src/main.o: In function `calculateLayer4':
C:\Users\Kzel\Desktop\lenet\lenet.sdk\lenet\Debug/../src/main.c:238: undefined reference to `tanh'
./src/main.o: In function `calculateLayer5':
C:\Users\Kzel\Desktop\lenet\lenet.sdk\lenet\Debug/../src/main.c:250: undefined reference to `tanh'
collect2.exe: error: ld returned 1 exit status
make: *** [lenet.elf] ´íÎó 1
11:43:29 **** Clean-only build of configuration Debug for project lenet ****
make clean 
rm -rf  ./src/fonctions_ES.o ./src/main.o  ./src/fonctions_ES.d ./src/main.d  lenet.elf.size  lenet.elf
 
11:43:29 **** Auto Build of configuration Debug for project lenet ****
make pre-build main-build 
a9-linaro-pre-build-step
 
Building file: ../src/fonctions_ES.c
Invoking: ARM v7 gcc compiler
arm-none-eabi-gcc -Wall -O0 -g3 -c -fmessage-length=0 -MT"src/fonctions_ES.o" -mcpu=cortex-a9 -mfpu=vfpv3 -mfloat-abi=hard -I../../lenet_bsp/ps7_cortexa9_0/include -MMD -MP -MF"src/fonctions_ES.d" -MT"src/fonctions_ES.o" -o "src/fonctions_ES.o" "../src/fonctions_ES.c"
Finished building: ../src/fonctions_ES.c
 
Building file: ../src/main.c
Invoking: ARM v7 gcc compiler
arm-none-eabi-gcc -Wall -O0 -g3 -c -fmessage-length=0 -MT"src/main.o" -mcpu=cortex-a9 -mfpu=vfpv3 -mfloat-abi=hard -I../../lenet_bsp/ps7_cortexa9_0/include -MMD -MP -MF"src/main.d" -MT"src/main.o" -o "src/main.o" "../src/main.c"
Finished building: ../src/main.c
 
Building target: lenet.elf
Invoking: ARM v7 gcc linker
arm-none-eabi-gcc -mcpu=cortex-a9 -mfpu=vfpv3 -mfloat-abi=hard -Wl,-build-id=none -specs=Xilinx.spec -Wl,-T -Wl,../src/lscript.ld -L../../lenet_bsp/ps7_cortexa9_0/lib -o "lenet.elf"  ./src/fonctions_ES.o ./src/main.o   -lm -Wl,--start-group,-lxil,-lgcc,-lc,--end-group
Finished building target: lenet.elf
 
Invoking: ARM v7 Print Size
arm-none-eabi-size lenet.elf  |tee "lenet.elf.size"
   text	   data	    bss	    dec	    hex	filename
  83896	 538848	  23328	 646072	  9dbb8	lenet.elf
Finished building: lenet.elf.size
 
11:45:07 **** Auto Build of configuration Debug for project lenet ****
make pre-build main-build 
a9-linaro-pre-build-step
 
Building file: ../src/main.c
Invoking: ARM v7 gcc compiler
arm-none-eabi-gcc -Wall -O0 -g3 -c -fmessage-length=0 -MT"src/main.o" -mcpu=cortex-a9 -mfpu=vfpv3 -mfloat-abi=hard -I../../lenet_bsp/ps7_cortexa9_0/include -MMD -MP -MF"src/main.d" -MT"src/main.o" -o "src/main.o" "../src/main.c"
Finished building: ../src/main.c
 
Building target: lenet.elf
Invoking: ARM v7 gcc linker
arm-none-eabi-gcc -mcpu=cortex-a9 -mfpu=vfpv3 -mfloat-abi=hard -Wl,-build-id=none -specs=Xilinx.spec -Wl,-T -Wl,../src/lscript.ld -L../../lenet_bsp/ps7_cortexa9_0/lib -o "lenet.elf"  ./src/fonctions_ES.o ./src/main.o   -lm -Wl,--start-group,-lxil,-lgcc,-lc,--end-group
Finished building target: lenet.elf
 
Invoking: ARM v7 Print Size
arm-none-eabi-size lenet.elf  |tee "lenet.elf.size"
   text	   data	    bss	    dec	    hex	filename
  83896	 538848	  23328	 646072	  9dbb8	lenet.elf
Finished building: lenet.elf.size
 
11:46:02 **** Clean-only build of configuration Debug for project lenet ****
make clean 
rm -rf  ./src/fonctions_ES.o ./src/main.o  ./src/fonctions_ES.d ./src/main.d  lenet.elf.size  lenet.elf
 
11:46:03 **** Auto Build of configuration Debug for project lenet ****
make pre-build main-build 
a9-linaro-pre-build-step
 
Building file: ../src/main.c
Invoking: ARM v7 gcc compiler
arm-none-eabi-gcc -Wall -O0 -g3 -c -fmessage-length=0 -MT"src/main.o" -mcpu=cortex-a9 -mfpu=vfpv3 -mfloat-abi=hard -I../../lenet_bsp/ps7_cortexa9_0/include -MMD -MP -MF"src/main.d" -MT"src/main.o" -o "src/main.o" "../src/main.c"
Finished building: ../src/main.c
 
Building target: lenet.elf
Invoking: ARM v7 gcc linker
arm-none-eabi-gcc -mcpu=cortex-a9 -mfpu=vfpv3 -mfloat-abi=hard -Wl,-build-id=none -specs=Xilinx.spec -Wl,-T -Wl,../src/lscript.ld -L../../lenet_bsp/ps7_cortexa9_0/lib -o "lenet.elf"  ./src/main.o   -lm -Wl,--start-group,-lxil,-lgcc,-lc,--end-group
Finished building target: lenet.elf
 
Invoking: ARM v7 Print Size
arm-none-eabi-size lenet.elf  |tee "lenet.elf.size"
   text	   data	    bss	    dec	    hex	filename
  79072	 538848	  23328	 641248	  9c8e0	lenet.elf
Finished building: lenet.elf.size
 
11:46:29 **** Incremental Build of configuration Debug for project lenet ****
make pre-build main-build 
a9-linaro-pre-build-step
 
make: Nothing to be done for `main-build'.
11:50:15 **** Auto Build of configuration Debug for project lenet ****
make pre-build main-build 
a9-linaro-pre-build-step
 
Building file: ../src/main.c
Invoking: ARM v7 gcc compiler
arm-none-eabi-gcc -Wall -O0 -g3 -c -fmessage-length=0 -MT"src/main.o" -mcpu=cortex-a9 -mfpu=vfpv3 -mfloat-abi=hard -I../../lenet_bsp/ps7_cortexa9_0/include -MMD -MP -MF"src/main.d" -MT"src/main.o" -o "src/main.o" "../src/main.c"
Finished building: ../src/main.c
 
Building target: lenet.elf
Invoking: ARM v7 gcc linker
arm-none-eabi-gcc -mcpu=cortex-a9 -mfpu=vfpv3 -mfloat-abi=hard -Wl,-build-id=none -specs=Xilinx.spec -Wl,-T -Wl,../src/lscript.ld -L../../lenet_bsp/ps7_cortexa9_0/lib -o "lenet.elf"  ./src/main.o   -lm -Wl,--start-group,-lxil,-lgcc,-lc,--end-group
Finished building target: lenet.elf
 
Invoking: ARM v7 Print Size
arm-none-eabi-size lenet.elf  |tee "lenet.elf.size"
   text	   data	    bss	    dec	    hex	filename
  79072	 538848	  23328	 641248	  9c8e0	lenet.elf
Finished building: lenet.elf.size
 
11:50:21 **** Incremental Build of configuration Debug for project lenet ****
make pre-build main-build 
a9-linaro-pre-build-step
 
make: Nothing to be done for `main-build'.
12:08:59 **** Incremental Build of configuration Debug for project lenet ****
make pre-build main-build 
a9-linaro-pre-build-step
 
make: Nothing to be done for `main-build'.
12:09:21 **** Auto Build of configuration Debug for project lenet ****
make pre-build main-build 
a9-linaro-pre-build-step
 
Building file: ../src/main.c
Invoking: ARM v7 gcc compiler
arm-none-eabi-gcc -Wall -O0 -g3 -c -fmessage-length=0 -MT"src/main.o" -mcpu=cortex-a9 -mfpu=vfpv3 -mfloat-abi=hard -I../../lenet_bsp/ps7_cortexa9_0/include -MMD -MP -MF"src/main.d" -MT"src/main.o" -o "src/main.o" "../src/main.c"
../src/main.c:12:22: fatal error: platform.h: No such file or directory
 #include "platform.h"
                      ^
compilation terminated.
make: *** [src/main.o] ´íÎó 1
12:09:36 **** Auto Build of configuration Debug for project lenet ****
make pre-build main-build 
a9-linaro-pre-build-step
 
Building file: ../src/main.c
Invoking: ARM v7 gcc compiler
arm-none-eabi-gcc -Wall -O0 -g3 -c -fmessage-length=0 -MT"src/main.o" -mcpu=cortex-a9 -mfpu=vfpv3 -mfloat-abi=hard -I../../lenet_bsp/ps7_cortexa9_0/include -MMD -MP -MF"src/main.d" -MT"src/main.o" -o "src/main.o" "../src/main.c"
Finished building: ../src/main.c
 
Building file: ../src/platform.c
Invoking: ARM v7 gcc compiler
arm-none-eabi-gcc -Wall -O0 -g3 -c -fmessage-length=0 -MT"src/platform.o" -mcpu=cortex-a9 -mfpu=vfpv3 -mfloat-abi=hard -I../../lenet_bsp/ps7_cortexa9_0/include -MMD -MP -MF"src/platform.d" -MT"src/platform.o" -o "src/platform.o" "../src/platform.c"
Finished building: ../src/platform.c
 
Building target: lenet.elf
Invoking: ARM v7 gcc linker
arm-none-eabi-gcc -mcpu=cortex-a9 -mfpu=vfpv3 -mfloat-abi=hard -Wl,-build-id=none -specs=Xilinx.spec -Wl,-T -Wl,../src/lscript.ld -L../../lenet_bsp/ps7_cortexa9_0/lib -o "lenet.elf"  ./src/main.o ./src/platform.o   -lm -Wl,--start-group,-lxil,-lgcc,-lc,--end-group
Finished building target: lenet.elf
 
Invoking: ARM v7 Print Size
arm-none-eabi-size lenet.elf  |tee "lenet.elf.size"
   text	   data	    bss	    dec	    hex	filename
  81552	 538848	  23328	 643728	  9d290	lenet.elf
Finished building: lenet.elf.size
 
12:09:51 **** Auto Build of configuration Debug for project lenet ****
make pre-build main-build 
a9-linaro-pre-build-step
 
Building file: ../src/main.c
Invoking: ARM v7 gcc compiler
arm-none-eabi-gcc -Wall -O0 -g3 -c -fmessage-length=0 -MT"src/main.o" -mcpu=cortex-a9 -mfpu=vfpv3 -mfloat-abi=hard -I../../lenet_bsp/ps7_cortexa9_0/include -MMD -MP -MF"src/main.d" -MT"src/main.o" -o "src/main.o" "../src/main.c"
Finished building: ../src/main.c
 
Building target: lenet.elf
Invoking: ARM v7 gcc linker
arm-none-eabi-gcc -mcpu=cortex-a9 -mfpu=vfpv3 -mfloat-abi=hard -Wl,-build-id=none -specs=Xilinx.spec -Wl,-T -Wl,../src/lscript.ld -L../../lenet_bsp/ps7_cortexa9_0/lib -o "lenet.elf"  ./src/main.o ./src/platform.o   -lm -Wl,--start-group,-lxil,-lgcc,-lc,--end-group
Finished building target: lenet.elf
 
Invoking: ARM v7 Print Size
arm-none-eabi-size lenet.elf  |tee "lenet.elf.size"
   text	   data	    bss	    dec	    hex	filename
  81552	 538848	  23328	 643728	  9d290	lenet.elf
Finished building: lenet.elf.size
 
12:10:29 **** Auto Build of configuration Debug for project lenet ****
make pre-build main-build 
a9-linaro-pre-build-step
 
Building file: ../src/main.c
Invoking: ARM v7 gcc compiler
arm-none-eabi-gcc -Wall -O0 -g3 -c -fmessage-length=0 -MT"src/main.o" -mcpu=cortex-a9 -mfpu=vfpv3 -mfloat-abi=hard -I../../lenet_bsp/ps7_cortexa9_0/include -MMD -MP -MF"src/main.d" -MT"src/main.o" -o "src/main.o" "../src/main.c"
../src/main.c: In function 'main':
../src/main.c:154:38: warning: unused variable 'temp6' [-Wunused-variable]
  XTime temp1,temp2,temp3,temp4,temp5,temp6;
                                      ^~~~~
../src/main.c:154:32: warning: unused variable 'temp5' [-Wunused-variable]
  XTime temp1,temp2,temp3,temp4,temp5,temp6;
                                ^~~~~
../src/main.c:154:26: warning: unused variable 'temp4' [-Wunused-variable]
  XTime temp1,temp2,temp3,temp4,temp5,temp6;
                          ^~~~~
../src/main.c:154:20: warning: unused variable 'temp3' [-Wunused-variable]
  XTime temp1,temp2,temp3,temp4,temp5,temp6;
                    ^~~~~
../src/main.c:154:14: warning: unused variable 'temp2' [-Wunused-variable]
  XTime temp1,temp2,temp3,temp4,temp5,temp6;
              ^~~~~
../src/main.c:154:8: warning: unused variable 'temp1' [-Wunused-variable]
  XTime temp1,temp2,temp3,temp4,temp5,temp6;
        ^~~~~
Finished building: ../src/main.c
 
Building target: lenet.elf
Invoking: ARM v7 gcc linker
arm-none-eabi-gcc -mcpu=cortex-a9 -mfpu=vfpv3 -mfloat-abi=hard -Wl,-build-id=none -specs=Xilinx.spec -Wl,-T -Wl,../src/lscript.ld -L../../lenet_bsp/ps7_cortexa9_0/lib -o "lenet.elf"  ./src/main.o ./src/platform.o   -lm -Wl,--start-group,-lxil,-lgcc,-lc,--end-group
Finished building target: lenet.elf
 
Invoking: ARM v7 Print Size
arm-none-eabi-size lenet.elf  |tee "lenet.elf.size"
   text	   data	    bss	    dec	    hex	filename
  81552	 538848	  23328	 643728	  9d290	lenet.elf
Finished building: lenet.elf.size
 
12:12:31 **** Auto Build of configuration Debug for project lenet ****
make pre-build main-build 
a9-linaro-pre-build-step
 
Building file: ../src/main.c
Invoking: ARM v7 gcc compiler
arm-none-eabi-gcc -Wall -O0 -g3 -c -fmessage-length=0 -MT"src/main.o" -mcpu=cortex-a9 -mfpu=vfpv3 -mfloat-abi=hard -I../../lenet_bsp/ps7_cortexa9_0/include -MMD -MP -MF"src/main.d" -MT"src/main.o" -o "src/main.o" "../src/main.c"
Finished building: ../src/main.c
 
Building target: lenet.elf
Invoking: ARM v7 gcc linker
arm-none-eabi-gcc -mcpu=cortex-a9 -mfpu=vfpv3 -mfloat-abi=hard -Wl,-build-id=none -specs=Xilinx.spec -Wl,-T -Wl,../src/lscript.ld -L../../lenet_bsp/ps7_cortexa9_0/lib -o "lenet.elf"  ./src/main.o ./src/platform.o   -lm -Wl,--start-group,-lxil,-lgcc,-lc,--end-group
Finished building target: lenet.elf
 
Invoking: ARM v7 Print Size
arm-none-eabi-size lenet.elf  |tee "lenet.elf.size"
   text	   data	    bss	    dec	    hex	filename
  83264	 538848	  23328	 645440	  9d940	lenet.elf
Finished building: lenet.elf.size
 
12:12:38 **** Incremental Build of configuration Debug for project lenet ****
make pre-build main-build 
a9-linaro-pre-build-step
 
make: Nothing to be done for `main-build'.
12:13:53 **** Auto Build of configuration Debug for project lenet ****
make pre-build main-build 
a9-linaro-pre-build-step
 
Building file: ../src/main.c
Invoking: ARM v7 gcc compiler
arm-none-eabi-gcc -Wall -O0 -g3 -c -fmessage-length=0 -MT"src/main.o" -mcpu=cortex-a9 -mfpu=vfpv3 -mfloat-abi=hard -I../../lenet_bsp/ps7_cortexa9_0/include -MMD -MP -MF"src/main.d" -MT"src/main.o" -o "src/main.o" "../src/main.c"
Finished building: ../src/main.c
 
Building target: lenet.elf
Invoking: ARM v7 gcc linker
arm-none-eabi-gcc -mcpu=cortex-a9 -mfpu=vfpv3 -mfloat-abi=hard -Wl,-build-id=none -specs=Xilinx.spec -Wl,-T -Wl,../src/lscript.ld -L../../lenet_bsp/ps7_cortexa9_0/lib -o "lenet.elf"  ./src/main.o ./src/platform.o   -lm -Wl,--start-group,-lxil,-lgcc,-lc,--end-group
Finished building target: lenet.elf
 
Invoking: ARM v7 Print Size
arm-none-eabi-size lenet.elf  |tee "lenet.elf.size"
   text	   data	    bss	    dec	    hex	filename
  83264	 538848	  23328	 645440	  9d940	lenet.elf
Finished building: lenet.elf.size
 
12:13:59 **** Incremental Build of configuration Debug for project lenet ****
make pre-build main-build 
a9-linaro-pre-build-step
 
make: Nothing to be done for `main-build'.
12:14:40 **** Auto Build of configuration Debug for project lenet ****
make pre-build main-build 
a9-linaro-pre-build-step
 
Building file: ../src/main.c
Invoking: ARM v7 gcc compiler
arm-none-eabi-gcc -Wall -O0 -g3 -c -fmessage-length=0 -MT"src/main.o" -mcpu=cortex-a9 -mfpu=vfpv3 -mfloat-abi=hard -I../../lenet_bsp/ps7_cortexa9_0/include -MMD -MP -MF"src/main.d" -MT"src/main.o" -o "src/main.o" "../src/main.c"
Finished building: ../src/main.c
 
Building target: lenet.elf
Invoking: ARM v7 gcc linker
arm-none-eabi-gcc -mcpu=cortex-a9 -mfpu=vfpv3 -mfloat-abi=hard -Wl,-build-id=none -specs=Xilinx.spec -Wl,-T -Wl,../src/lscript.ld -L../../lenet_bsp/ps7_cortexa9_0/lib -o "lenet.elf"  ./src/main.o ./src/platform.o   -lm -Wl,--start-group,-lxil,-lgcc,-lc,--end-group
Finished building target: lenet.elf
 
Invoking: ARM v7 Print Size
arm-none-eabi-size lenet.elf  |tee "lenet.elf.size"
   text	   data	    bss	    dec	    hex	filename
  83264	 538848	  23328	 645440	  9d940	lenet.elf
Finished building: lenet.elf.size
 
12:14:45 **** Incremental Build of configuration Debug for project lenet ****
make pre-build main-build 
a9-linaro-pre-build-step
 
make: Nothing to be done for `main-build'.
12:14:53 **** Incremental Build of configuration Debug for project lenet ****
make pre-build main-build 
a9-linaro-pre-build-step
 
make: Nothing to be done for `main-build'.
12:15:40 **** Auto Build of configuration Debug for project lenet ****
make pre-build main-build 
a9-linaro-pre-build-step
 
Building file: ../src/main.c
Invoking: ARM v7 gcc compiler
arm-none-eabi-gcc -Wall -O0 -g3 -c -fmessage-length=0 -MT"src/main.o" -mcpu=cortex-a9 -mfpu=vfpv3 -mfloat-abi=hard -I../../lenet_bsp/ps7_cortexa9_0/include -MMD -MP -MF"src/main.d" -MT"src/main.o" -o "src/main.o" "../src/main.c"
Finished building: ../src/main.c
 
Building target: lenet.elf
Invoking: ARM v7 gcc linker
arm-none-eabi-gcc -mcpu=cortex-a9 -mfpu=vfpv3 -mfloat-abi=hard -Wl,-build-id=none -specs=Xilinx.spec -Wl,-T -Wl,../src/lscript.ld -L../../lenet_bsp/ps7_cortexa9_0/lib -o "lenet.elf"  ./src/main.o ./src/platform.o   -lm -Wl,--start-group,-lxil,-lgcc,-lc,--end-group
Finished building target: lenet.elf
 
Invoking: ARM v7 Print Size
arm-none-eabi-size lenet.elf  |tee "lenet.elf.size"
   text	   data	    bss	    dec	    hex	filename
  83264	 538848	  23328	 645440	  9d940	lenet.elf
Finished building: lenet.elf.size
 
12:15:48 **** Auto Build of configuration Debug for project lenet ****
make pre-build main-build 
a9-linaro-pre-build-step
 
Building file: ../src/main.c
Invoking: ARM v7 gcc compiler
arm-none-eabi-gcc -Wall -O0 -g3 -c -fmessage-length=0 -MT"src/main.o" -mcpu=cortex-a9 -mfpu=vfpv3 -mfloat-abi=hard -I../../lenet_bsp/ps7_cortexa9_0/include -MMD -MP -MF"src/main.d" -MT"src/main.o" -o "src/main.o" "../src/main.c"
Finished building: ../src/main.c
 
Building target: lenet.elf
Invoking: ARM v7 gcc linker
arm-none-eabi-gcc -mcpu=cortex-a9 -mfpu=vfpv3 -mfloat-abi=hard -Wl,-build-id=none -specs=Xilinx.spec -Wl,-T -Wl,../src/lscript.ld -L../../lenet_bsp/ps7_cortexa9_0/lib -o "lenet.elf"  ./src/main.o ./src/platform.o   -lm -Wl,--start-group,-lxil,-lgcc,-lc,--end-group
Finished building target: lenet.elf
 
Invoking: ARM v7 Print Size
arm-none-eabi-size lenet.elf  |tee "lenet.elf.size"
   text	   data	    bss	    dec	    hex	filename
  83264	 538848	  23328	 645440	  9d940	lenet.elf
Finished building: lenet.elf.size
 
12:15:53 **** Incremental Build of configuration Debug for project lenet ****
make pre-build main-build 
a9-linaro-pre-build-step
 
make: Nothing to be done for `main-build'.
12:18:05 **** Auto Build of configuration Debug for project lenet ****
make pre-build main-build 
a9-linaro-pre-build-step
 
Building file: ../src/main.c
Invoking: ARM v7 gcc compiler
arm-none-eabi-gcc -Wall -O0 -g3 -c -fmessage-length=0 -MT"src/main.o" -mcpu=cortex-a9 -mfpu=vfpv3 -mfloat-abi=hard -I../../lenet_bsp/ps7_cortexa9_0/include -MMD -MP -MF"src/main.d" -MT"src/main.o" -o "src/main.o" "../src/main.c"
Finished building: ../src/main.c
 
Building target: lenet.elf
Invoking: ARM v7 gcc linker
arm-none-eabi-gcc -mcpu=cortex-a9 -mfpu=vfpv3 -mfloat-abi=hard -Wl,-build-id=none -specs=Xilinx.spec -Wl,-T -Wl,../src/lscript.ld -L../../lenet_bsp/ps7_cortexa9_0/lib -o "lenet.elf"  ./src/main.o ./src/platform.o   -lm -Wl,--start-group,-lxil,-lgcc,-lc,--end-group
Finished building target: lenet.elf
 
Invoking: ARM v7 Print Size
arm-none-eabi-size lenet.elf  |tee "lenet.elf.size"
   text	   data	    bss	    dec	    hex	filename
  83328	 538848	  23328	 645504	  9d980	lenet.elf
Finished building: lenet.elf.size
 
12:18:12 **** Auto Build of configuration Debug for project lenet ****
make pre-build main-build 
a9-linaro-pre-build-step
 
Building file: ../src/main.c
Invoking: ARM v7 gcc compiler
arm-none-eabi-gcc -Wall -O0 -g3 -c -fmessage-length=0 -MT"src/main.o" -mcpu=cortex-a9 -mfpu=vfpv3 -mfloat-abi=hard -I../../lenet_bsp/ps7_cortexa9_0/include -MMD -MP -MF"src/main.d" -MT"src/main.o" -o "src/main.o" "../src/main.c"
Finished building: ../src/main.c
 
Building target: lenet.elf
Invoking: ARM v7 gcc linker
arm-none-eabi-gcc -mcpu=cortex-a9 -mfpu=vfpv3 -mfloat-abi=hard -Wl,-build-id=none -specs=Xilinx.spec -Wl,-T -Wl,../src/lscript.ld -L../../lenet_bsp/ps7_cortexa9_0/lib -o "lenet.elf"  ./src/main.o ./src/platform.o   -lm -Wl,--start-group,-lxil,-lgcc,-lc,--end-group
Finished building target: lenet.elf
 
Invoking: ARM v7 Print Size
arm-none-eabi-size lenet.elf  |tee "lenet.elf.size"
   text	   data	    bss	    dec	    hex	filename
  83328	 538848	  23328	 645504	  9d980	lenet.elf
Finished building: lenet.elf.size
 
12:18:16 **** Incremental Build of configuration Debug for project lenet ****
make pre-build main-build 
a9-linaro-pre-build-step
 
make: Nothing to be done for `main-build'.
12:18:35 **** Auto Build of configuration Debug for project lenet ****
make pre-build main-build 
a9-linaro-pre-build-step
 
Building file: ../src/main.c
Invoking: ARM v7 gcc compiler
arm-none-eabi-gcc -Wall -O0 -g3 -c -fmessage-length=0 -MT"src/main.o" -mcpu=cortex-a9 -mfpu=vfpv3 -mfloat-abi=hard -I../../lenet_bsp/ps7_cortexa9_0/include -MMD -MP -MF"src/main.d" -MT"src/main.o" -o "src/main.o" "../src/main.c"
Finished building: ../src/main.c
 
Building target: lenet.elf
Invoking: ARM v7 gcc linker
arm-none-eabi-gcc -mcpu=cortex-a9 -mfpu=vfpv3 -mfloat-abi=hard -Wl,-build-id=none -specs=Xilinx.spec -Wl,-T -Wl,../src/lscript.ld -L../../lenet_bsp/ps7_cortexa9_0/lib -o "lenet.elf"  ./src/main.o ./src/platform.o   -lm -Wl,--start-group,-lxil,-lgcc,-lc,--end-group
Finished building target: lenet.elf
 
Invoking: ARM v7 Print Size
arm-none-eabi-size lenet.elf  |tee "lenet.elf.size"
   text	   data	    bss	    dec	    hex	filename
  83328	 538848	  23328	 645504	  9d980	lenet.elf
Finished building: lenet.elf.size
 
12:18:39 **** Incremental Build of configuration Debug for project lenet ****
make pre-build main-build 
a9-linaro-pre-build-step
 
make: Nothing to be done for `main-build'.
